May  9 12:00:01 server sshd[12345]: Failed password for invalid user admin from 192.168.1.10 port 22 ssh2
May  9 12:00:02 server sshd[12345]: Failed password for invalid user root from 192.168.1.10 port 22 ssh2
May  9 12:00:03 server sshd[12345]: Failed password for invalid user test from 192.168.1.10 port 22 ssh2
May  9 12:00:04 server sshd[12345]: Failed password for invalid user guest from 192.168.1.10 port 22 ssh2
May  9 12:00:05 server sshd[12345]: Failed password for invalid user admin from 192.168.1.10 port 22 ssh2
